﻿
> onst@0.0.0 build
> tsc -b && vite build

[36mvite v5.4.21 [32mbuilding for production...[36m[39m
transforming...
node.exe : 
node:internal/process/promises:394
At line:1 char:1
+ & "C:\Program Files\nodejs/node.exe" 
"C:\Program Files\nodejs/node_mo ...
+ ~~~~~~~~~~~~~~~~~~~~~~~~~~~~~~~~~~~~~~~~~
~~~~~~~~~~~~~~~~~~~~~~~~~~~~
    + CategoryInfo          : NotSpecified 
   : (node:internal/process/promises:394:  
  String) [], RemoteException
    + FullyQualifiedErrorId : NativeComman 
   dError
 
    triggerUncaughtException(err, true /* 
fromPromise */);
    ^

[Failed to load PostCSS config: Failed to 
load PostCSS config (searchPath: 
C:/Users/cyber/Documents/NetStack/ONST): 
[ReferenceError] module is not defined in 
ES module scope
This file is being treated as an ES module 
because it has a '.js' file extension and '
C:\Users\cyber\Documents\NetStack\ONST\pack
age.json' contains "type": "module". To 
treat it as a CommonJS script, rename it 
to use the '.cjs' file extension.
ReferenceError: module is not defined in 
ES module scope
This file is being treated as an ES module 
because it has a '.js' file extension and '
C:\Users\cyber\Documents\NetStack\ONST\pack
age.json' contains "type": "module". To 
treat it as a CommonJS script, rename it 
to use the '.cjs' file extension.
    at file:///C:/Users/cyber/Documents/Net
Stack/ONST/postcss.config.js:1:1
    at ModuleJob.run (node:internal/modules
/esm/module_job:413:25)
    at async 
onImport.tracePromise.__proto__ 
(node:internal/modules/esm/loader:660:26)
    at async importDefault (file:///C:/User
s/cyber/Documents/NetStack/ONST/node_module
s/vite/dist/node/chunks/dep-BK3b2jBa.js:337
59:18)
    at async Object.search (file:///C:/User
s/cyber/Documents/NetStack/ONST/node_module
s/vite/dist/node/chunks/dep-BK3b2jBa.js:259
15:23)]

Node.js v24.13.0
